Archive member included to satisfy reference by file (symbol)

d:/st/stm32cubeide_1.9.0/stm32cubeide/plugins/com.st.stm32cube.ide.mcu.externaltools.gnu-tools-for-stm32.10.3-2021.10.win32_1.0.200.202301161003/tools/bin/../lib/gcc/arm-none-eabi/10.3.1/../../../../arm-none-eabi/lib/thumb/v7e-m+dp/hard\libc_nano.a(lib_a-errno.o)
                              ./Core/Src/syscalls.o (__errno)
d:/st/stm32cubeide_1.9.0/stm32cubeide/plugins/com.st.stm32cube.ide.mcu.externaltools.gnu-tools-for-stm32.10.3-2021.10.win32_1.0.200.202301161003/tools/bin/../lib/gcc/arm-none-eabi/10.3.1/../../../../arm-none-eabi/lib/thumb/v7e-m+dp/hard\libc_nano.a(lib_a-exit.o)
                              d:/st/stm32cubeide_1.9.0/stm32cubeide/plugins/com.st.stm32cube.ide.mcu.externaltools.gnu-tools-for-stm32.10.3-2021.10.win32_1.0.200.202301161003/tools/bin/../lib/gcc/arm-none-eabi/10.3.1/../../../../arm-none-eabi/lib/thumb/v7e-m+dp/hard/crt0.o (exit)
d:/st/stm32cubeide_1.9.0/stm32cubeide/plugins/com.st.stm32cube.ide.mcu.externaltools.gnu-tools-for-stm32.10.3-2021.10.win32_1.0.200.202301161003/tools/bin/../lib/gcc/arm-none-eabi/10.3.1/../../../../arm-none-eabi/lib/thumb/v7e-m+dp/hard\libc_nano.a(lib_a-impure.o)
                              d:/st/stm32cubeide_1.9.0/stm32cubeide/plugins/com.st.stm32cube.ide.mcu.externaltools.gnu-tools-for-stm32.10.3-2021.10.win32_1.0.200.202301161003/tools/bin/../lib/gcc/arm-none-eabi/10.3.1/../../../../arm-none-eabi/lib/thumb/v7e-m+dp/hard\libc_nano.a(lib_a-exit.o) (_global_impure_ptr)
d:/st/stm32cubeide_1.9.0/stm32cubeide/plugins/com.st.stm32cube.ide.mcu.externaltools.gnu-tools-for-stm32.10.3-2021.10.win32_1.0.200.202301161003/tools/bin/../lib/gcc/arm-none-eabi/10.3.1/../../../../arm-none-eabi/lib/thumb/v7e-m+dp/hard\libc_nano.a(lib_a-init.o)
                              d:/st/stm32cubeide_1.9.0/stm32cubeide/plugins/com.st.stm32cube.ide.mcu.externaltools.gnu-tools-for-stm32.10.3-2021.10.win32_1.0.200.202301161003/tools/bin/../lib/gcc/arm-none-eabi/10.3.1/../../../../arm-none-eabi/lib/thumb/v7e-m+dp/hard/crt0.o (__libc_init_array)
d:/st/stm32cubeide_1.9.0/stm32cubeide/plugins/com.st.stm32cube.ide.mcu.externaltools.gnu-tools-for-stm32.10.3-2021.10.win32_1.0.200.202301161003/tools/bin/../lib/gcc/arm-none-eabi/10.3.1/../../../../arm-none-eabi/lib/thumb/v7e-m+dp/hard\libc_nano.a(lib_a-memset.o)
                              d:/st/stm32cubeide_1.9.0/stm32cubeide/plugins/com.st.stm32cube.ide.mcu.externaltools.gnu-tools-for-stm32.10.3-2021.10.win32_1.0.200.202301161003/tools/bin/../lib/gcc/arm-none-eabi/10.3.1/../../../../arm-none-eabi/lib/thumb/v7e-m+dp/hard/crt0.o (memset)
d:/st/stm32cubeide_1.9.0/stm32cubeide/plugins/com.st.stm32cube.ide.mcu.externaltools.gnu-tools-for-stm32.10.3-2021.10.win32_1.0.200.202301161003/tools/bin/../lib/gcc/arm-none-eabi/10.3.1/../../../../arm-none-eabi/lib/thumb/v7e-m+dp/hard\libm.a(lib_a-log.o)
                              ./Core/Src/main.o (log)
d:/st/stm32cubeide_1.9.0/stm32cubeide/plugins/com.st.stm32cube.ide.mcu.externaltools.gnu-tools-for-stm32.10.3-2021.10.win32_1.0.200.202301161003/tools/bin/../lib/gcc/arm-none-eabi/10.3.1/../../../../arm-none-eabi/lib/thumb/v7e-m+dp/hard\libm.a(lib_a-log_data.o)
                              d:/st/stm32cubeide_1.9.0/stm32cubeide/plugins/com.st.stm32cube.ide.mcu.externaltools.gnu-tools-for-stm32.10.3-2021.10.win32_1.0.200.202301161003/tools/bin/../lib/gcc/arm-none-eabi/10.3.1/../../../../arm-none-eabi/lib/thumb/v7e-m+dp/hard\libm.a(lib_a-log.o) (__log_data)
d:/st/stm32cubeide_1.9.0/stm32cubeide/plugins/com.st.stm32cube.ide.mcu.externaltools.gnu-tools-for-stm32.10.3-2021.10.win32_1.0.200.202301161003/tools/bin/../lib/gcc/arm-none-eabi/10.3.1/../../../../arm-none-eabi/lib/thumb/v7e-m+dp/hard\libm.a(lib_a-math_err.o)
                              d:/st/stm32cubeide_1.9.0/stm32cubeide/plugins/com.st.stm32cube.ide.mcu.externaltools.gnu-tools-for-stm32.10.3-2021.10.win32_1.0.200.202301161003/tools/bin/../lib/gcc/arm-none-eabi/10.3.1/../../../../arm-none-eabi/lib/thumb/v7e-m+dp/hard\libm.a(lib_a-log.o) (__math_divzero)
d:/st/stm32cubeide_1.9.0/stm32cubeide/plugins/com.st.stm32cube.ide.mcu.externaltools.gnu-tools-for-stm32.10.3-2021.10.win32_1.0.200.202301161003/tools/bin/../lib/gcc/arm-none-eabi/10.3.1/../../../../arm-none-eabi/lib/thumb/v7e-m+dp/hard\libm.a(lib_a-pow.o)
                              ./Core/Src/main.o (pow)
d:/st/stm32cubeide_1.9.0/stm32cubeide/plugins/com.st.stm32cube.ide.mcu.externaltools.gnu-tools-for-stm32.10.3-2021.10.win32_1.0.200.202301161003/tools/bin/../lib/gcc/arm-none-eabi/10.3.1/../../../../arm-none-eabi/lib/thumb/v7e-m+dp/hard\libm.a(lib_a-pow_log_data.o)
                              d:/st/stm32cubeide_1.9.0/stm32cubeide/plugins/com.st.stm32cube.ide.mcu.externaltools.gnu-tools-for-stm32.10.3-2021.10.win32_1.0.200.202301161003/tools/bin/../lib/gcc/arm-none-eabi/10.3.1/../../../../arm-none-eabi/lib/thumb/v7e-m+dp/hard\libm.a(lib_a-pow.o) (__pow_log_data)
[...]
Memory Configuration

Name             Origin             Length             Attributes
RAM              0x0000000020000000 0x0000000000080000 xrw
FLASH            0x0000000008000000 0x0000000000200000 xr
*default*        0x0000000000000000 0xffffffffffffffff

Linker script and memory map

LOAD d:/st/stm32cubeide_1.9.0/stm32cubeide/plugins/com.st.stm32cube.ide.mcu.externaltools.gnu-tools-for-stm32.10.3-2021.10.win32_1.0.200.202301161003/tools/bin/../lib/gcc/arm-none-eabi/10.3.1/thumb/v7e-m+dp/hard/crti.o
LOAD d:/st/stm32cubeide_1.9.0/stm32cubeide/plugins/com.st.stm32cube.ide.mcu.externaltools.gnu-tools-for-stm32.10.3-2021.10.win32_1.0.200.202301161003/tools/bin/../lib/gcc/arm-none-eabi/10.3.1/thumb/v7e-m+dp/hard/crtbegin.o
LOAD d:/st/stm32cubeide_1.9.0/stm32cubeide/plugins/com.st.stm32cube.ide.mcu.externaltools.gnu-tools-for-stm32.10.3-2021.10.win32_1.0.200.202301161003/tools/bin/../lib/gcc/arm-none-eabi/10.3.1/../../../../arm-none-eabi/lib/thumb/v7e-m+dp/hard/crt0.o
LOAD ./Core/Src/LCD_LIB.o
LOAD ./Core/Src/adc.o
LOAD ./Core/Src/gpio.o
LOAD ./Core/Src/main.o
LOAD ./Core/Src/stm32f7xx_hal_msp.o
LOAD ./Core/Src/stm32f7xx_it.o
LOAD ./Core/Src/syscalls.o
LOAD ./Core/Src/sysmem.o
LOAD ./Core/Src/system_stm32f7xx.o
LOAD ./Core/Src/tim.o
LOAD ./Core/Startup/startup_stm32f767zitx.o
LOAD ./Drivers/STM32F7xx_HAL_Driver/Src/stm32f7xx_hal.o
LOAD ./Drivers/STM32F7xx_HAL_Driver/Src/stm32f7xx_hal_adc.o
LOAD ./Drivers/STM32F7xx_HAL_Driver/Src/stm32f7xx_hal_adc_ex.o
LOAD ./Drivers/STM32F7xx_HAL_Driver/Src/stm32f7xx_hal_cortex.o
LOAD ./Drivers/STM32F7xx_HAL_Driver/Src/stm32f7xx_hal_dma.o
LOAD ./Drivers/STM32F7xx_HAL_Driver/Src/stm32f7xx_hal_dma_ex.o
LOAD ./Drivers/STM32F7xx_HAL_Driver/Src/stm32f7xx_hal_exti.o
LOAD ./Drivers/STM32F7xx_HAL_Driver/Src/stm32f7xx_hal_flash.o
LOAD ./Drivers/STM32F7xx_HAL_Driver/Src/stm32f7xx_hal_flash_ex.o
LOAD ./Drivers/STM32F7xx_HAL_Driver/Src/stm32f7xx_hal_gpio.o
LOAD ./Drivers/STM32F7xx_HAL_Driver/Src/stm32f7xx_hal_i2c.o
LOAD ./Drivers/STM32F7xx_HAL_Driver/Src/stm32f7xx_hal_i2c_ex.o
LOAD ./Drivers/STM32F7xx_HAL_Driver/Src/stm32f7xx_hal_pwr.o
LOAD ./Drivers/STM32F7xx_HAL_Driver/Src/stm32f7xx_hal_pwr_ex.o
LOAD ./Drivers/STM32F7xx_HAL_Driver/Src/stm32f7xx_hal_rcc.o
LOAD ./Drivers/STM32F7xx_HAL_Driver/Src/stm32f7xx_hal_rcc_ex.o
LOAD ./Drivers/STM32F7xx_HAL_Driver/Src/stm32f7xx_hal_tim.o
LOAD ./Drivers/STM32F7xx_HAL_Driver/Src/stm32f7xx_hal_tim_ex.o
START GROUP
LOAD d:/st/stm32cubeide_1.9.0/stm32cubeide/plugins/com.st.stm32cube.ide.mcu.externaltools.gnu-tools-for-stm32.10.3-2021.10.win32_1.0.200.202301161003/tools/bin/../lib/gcc/arm-none-eabi/10.3.1/../../../../arm-none-eabi/lib/thumb/v7e-m+dp/hard\libc_nano.a
LOAD d:/st/stm32cubeide_1.9.0/stm32cubeide/plugins/com.st.stm32cube.ide.mcu.externaltools.gnu-tools-for-stm32.10.3-2021.10.win32_1.0.200.202301161003/tools/bin/../lib/gcc/arm-none-eabi/10.3.1/../../../../arm-none-eabi/lib/thumb/v7e-m+dp/hard\libm.a
END GROUP
START GROUP
LOAD d:/st/stm32cubeide_1.9.0/stm32cubeide/plugins/com.st.stm32cube.ide.mcu.externaltools.gnu-tools-for-stm32.10.3-2021.10.win32_1.0.200.202301161003/tools/bin/../lib/gcc/arm-none-eabi/10.3.1/thumb/v7e-m+dp/hard\libgcc.a
LOAD d:/st/stm32cubeide_1.9.0/stm32cubeide/plugins/com.st.stm32cube.ide.mcu.externaltools.gnu-tools-for-stm32.10.3-2021.10.win32_1.0.200.202301161003/tools/bin/../lib/gcc/arm-none-eabi/10.3.1/../../../../arm-none-eabi/lib/thumb/v7e-m+dp/hard\libc_nano.a
END GROUP
START GROUP
LOAD d:/st/stm32cubeide_1.9.0/stm32cubeide/plugins/com.st.stm32cube.ide.mcu.externaltools.gnu-tools-for-stm32.10.3-2021.10.win32_1.0.200.202301161003/tools/bin/../lib/gcc/arm-none-eabi/10.3.1/thumb/v7e-m+dp/hard\libgcc.a
LOAD d:/st/stm32cubeide_1.9.0/stm32cubeide/plugins/com.st.stm32cube.ide.mcu.externaltools.gnu-tools-for-stm32.10.3-2021.10.win32_1.0.200.202301161003/tools/bin/../lib/gcc/arm-none-eabi/10.3.1/../../../../arm-none-eabi/lib/thumb/v7e-m+dp/hard\libc_nano.a
LOAD d:/st/stm32cubeide_1.9.0/stm32cubeide/plugins/com.st.stm32cube.ide.mcu.externaltools.gnu-tools-for-stm32.10.3-2021.10.win32_1.0.200.202301161003/tools/bin/../lib/gcc/arm-none-eabi/10.3.1/../../../../arm-none-eabi/lib/thumb/v7e-m+dp/hard\libnosys.a
END GROUP
START GROUP
LOAD d:/st/stm32cubeide_1.9.0/stm32cubeide/plugins/com.st.stm32cube.ide.mcu.externaltools.gnu-tools-for-stm32.10.3-2021.10.win32_1.0.200.202301161003/tools/bin/../lib/gcc/arm-none-eabi/10.3.1/thumb/v7e-m+dp/hard\libgcc.a
LOAD d:/st/stm32cubeide_1.9.0/stm32cubeide/plugins/com.st.stm32cube.ide.mcu.externaltools.gnu-tools-for-stm32.10.3-2021.10.win32_1.0.200.202301161003/tools/bin/../lib/gcc/arm-none-eabi/10.3.1/../../../../arm-none-eabi/lib/thumb/v7e-m+dp/hard\libc_nano.a
LOAD d:/st/stm32cubeide_1.9.0/stm32cubeide/plugins/com.st.stm32cube.ide.mcu.externaltools.gnu-tools-for-stm32.10.3-2021.10.win32_1.0.200.202301161003/tools/bin/../lib/gcc/arm-none-eabi/10.3.1/../../../../arm-none-eabi/lib/thumb/v7e-m+dp/hard\libnosys.a
END GROUP
LOAD d:/st/stm32cubeide_1.9.0/stm32cubeide/plugins/com.st.stm32cube.ide.mcu.externaltools.gnu-tools-for-stm32.10.3-2021.10.win32_1.0.200.202301161003/tools/bin/../lib/gcc/arm-none-eabi/10.3.1/thumb/v7e-m+dp/hard/crtend.o
LOAD d:/st/stm32cubeide_1.9.0/stm32cubeide/plugins/com.st.stm32cube.ide.mcu.externaltools.gnu-tools-for-stm32.10.3-2021.10.win32_1.0.200.202301161003/tools/bin/../lib/gcc/arm-none-eabi/10.3.1/thumb/v7e-m+dp/hard/crtn.o
                0x0000000020080000                _estack = (ORIGIN (RAM) + LENGTH (RAM))
                0x0000000000000200                _Min_Heap_Size = 0x200
                0x0000000000000400                _Min_Stack_Size = 0x400

.isr_vector     0x0000000008000000      0x1f8
                0x0000000008000000                . = ALIGN (0x4)
 *(.isr_vector)
 .isr_vector    0x0000000008000000      0x1f8 ./Core/Startup/startup_stm32f767zitx.o
                0x0000000008000000                g_pfnVectors
                0x00000000080001f8                . = ALIGN (0x4)

.text           0x00000000080001f8     0x36dc
                0x00000000080001f8                . = ALIGN (0x4)
 *(.text)
 .text          0x00000000080001f8       0x40 d:/st/stm32cubeide_1.9.0/stm32cubeide/plugins/com.st.stm32cube.ide.mcu.externaltools.gnu-tools-for-stm32.10.3-2021.10.win32_1.0.200.202301161003/tools/bin/../lib/gcc/arm-none-eabi/10.3.1/thumb/v7e-m+dp/hard/crtbegin.o
 .text          0x0000000008000238       0x30 d:/st/stm32cubeide_1.9.0/stm32cubeide/plugins/com.st.stm32cube.ide.mcu.externaltools.gnu-tools-for-stm32.10.3-2021.10.win32_1.0.200.202301161003/tools/bin/../lib/gcc/arm-none-eabi/10.3.1/thumb/v7e-m+dp/hard\libgcc.a(_aeabi_uldivmod.o)
                0x0000000008000238                __aeabi_uldivmod
 .text          0x0000000008000268      0x2d0 d:/st/stm32cubeide_1.9.0/stm32cubeide/plugins/com.st.stm32cube.ide.mcu.externaltools.gnu-tools-for-stm32.10.3-2021.10.win32_1.0.200.202301161003/tools/bin/../lib/gcc/arm-none-eabi/10.3.1/thumb/v7e-m+dp/hard\libgcc.a(_udivmoddi4.o)
                0x0000000008000268                __udivmoddi4
 .text          0x0000000008000538        0x4 d:/st/stm32cubeide_1.9.0/stm32cubeide/plugins/com.st.stm32cube.ide.mcu.externaltools.gnu-tools-for-stm32.10.3-2021.10.win32_1.0.200.202301161003/tools/bin/../lib/gcc/arm-none-eabi/10.3.1/thumb/v7e-m+dp/hard\libgcc.a(_dvmd_tls.o)
                0x0000000008000538                __aeabi_idiv0
                0x0000000008000538                __aeabi_ldiv0
 *(.text*)
 .text.LCD_delay
                0x000000000800053c       0x34 ./Core/Src/LCD_LIB.o
                0x000000000800053c                LCD_delay
 .text.LCD_init
                0x0000000008000570       0x44 ./Core/Src/LCD_LIB.o
                0x0000000008000570                LCD_init
 .text.LCD_send_data
                0x00000000080005b4       0x34 ./Core/Src/LCD_LIB.o
                0x00000000080005b4                LCD_send_data
 .text.LCD_send_cmd
                0x00000000080005e8       0x34 ./Core/Src/LCD_LIB.o
                0x00000000080005e8                LCD_send_cmd
 .text.LCD_send
                0x000000000800061c       0x98 ./Core/Src/LCD_LIB.o
                0x000000000800061c                LCD_send
 .text.LCD_send_string
                0x00000000080006b4       0x30 ./Core/Src/LCD_LIB.o
                0x00000000080006b4                LCD_send_string
 .text.LCD_cur  0x00000000080006e4       0x3e ./Core/Src/LCD_LIB.o
                0x00000000080006e4                LCD_cur
 *fill*         0x0000000008000722        0x2 
 .text.LCD_cls  0x0000000008000724       0x28 ./Core/Src/LCD_LIB.o
                0x0000000008000724                LCD_cls
 .text.MX_ADC1_Init
                0x000000000800074c       0xa4 ./Core/Src/adc.o
                0x000000000800074c                MX_ADC1_Init
 .text.HAL_ADC_MspInit
                0x00000000080007f0       0x80 ./Core/Src/adc.o
                0x00000000080007f0                HAL_ADC_MspInit
 .text.MX_GPIO_Init
                0x0000000008000870       0xf0 ./Core/Src/gpio.o
                0x0000000008000870                MX_GPIO_Init
 .text.MQResistanceCalculation
                0x0000000008000960       0x40 ./Core/Src/main.o
                0x0000000008000960                MQResistanceCalculation
 .text.MQCalibration
                0x00000000080009a0       0xa0 ./Core/Src/main.o
                0x00000000080009a0                MQCalibration
 .text.MQRead   0x0000000008000a40       0x74 ./Core/Src/main.o
                0x0000000008000a40                MQRead
 .text.MQGet    0x0000000008000ab4       0x72 ./Core/Src/main.o
                0x0000000008000ab4                MQGet
 *fill*         0x0000000008000b26        0x2 
 .text.MQGetGasPercentage
                0x0000000008000b28       0x30 ./Core/Src/main.o
                0x0000000008000b28                MQGetGasPercentage
 .text.ms_delay
                0x0000000008000b58       0x34 ./Core/Src/main.o
                0x0000000008000b58                ms_delay
 .text.s_delay  0x0000000008000b8c       0x2e ./Core/Src/main.o
                0x0000000008000b8c                s_delay
 *fill*         0x0000000008000bba        0x2 
 .text.main     0x0000000008000bbc       0xb0 ./Core/Src/main.o
                0x0000000008000bbc                main
 .text.SystemClock_Config
                0x0000000008000c6c       0xdc ./Core/Src/main.o
                0x0000000008000c6c                SystemClock_Config
 .text.MPU_Config
                0x0000000008000d48       0x58 ./Core/Src/main.o
 .text.Error_Handler
                0x0000000008000da0        0xa ./Core/Src/main.o
                0x0000000008000da0                Error_Handler
 *fill*         0x0000000008000daa        0x2 
 .text.HAL_MspInit
                0x0000000008000dac       0x48 ./Core/Src/stm32f7xx_hal_msp.o
                0x0000000008000dac                HAL_MspInit
 .text.NMI_Handler
                0x0000000008000df4        0x6 ./Core/Src/stm32f7xx_it.o
                0x0000000008000df4                NMI_Handler
 .text.HardFault_Handler
                0x0000000008000dfa        0x6 ./Core/Src/stm32f7xx_it.o
                0x0000000008000dfa                HardFault_Handler
 .text.MemManage_Handler
                0x0000000008000e00        0x6 ./Core/Src/stm32f7xx_it.o
                0x0000000008000e00                MemManage_Handler
 .text.BusFault_Handler
                0x0000000008000e06        0x6 ./Core/Src/stm32f7xx_it.o
                0x0000000008000e06                BusFault_Handler
 .text.UsageFault_Handler
                0x0000000008000e0c        0x6 ./Core/Src/stm32f7xx_it.o
                0x0000000008000e0c                UsageFault_Handler
 .text.SVC_Handler
                0x0000000008000e12        0xe ./Core/Src/stm32f7xx_it.o
                0x0000000008000e12                SVC_Handler
 .text.DebugMon_Handler
                0x0000000008000e20        0xe ./Core/Src/stm32f7xx_it.o
                0x0000000008000e20                DebugMon_Handler
 .text.PendSV_Handler
                0x0000000008000e2e        0xe ./Core/Src/stm32f7xx_it.o
                0x0000000008000e2e                PendSV_Handler
 .text.SysTick_Handler
                0x0000000008000e3c        0xc ./Core/Src/stm32f7xx_it.o
                0x0000000008000e3c                SysTick_Handler
 .text.SystemInit
                0x0000000008000e48       0x24 ./Core/Src/system_stm32f7xx.o
                0x0000000008000e48                SystemInit
 .text.MX_TIM1_Init
                0x0000000008000e6c       0xa8 ./Core/Src/tim.o
                0x0000000008000e6c                MX_TIM1_Init
 .text.MX_TIM2_Init
                0x0000000008000f14       0xa0 ./Core/Src/tim.o
                0x0000000008000f14                MX_TIM2_Init
 .text.HAL_TIM_Base_MspInit
                0x0000000008000fb4       0x64 ./Core/Src/tim.o
                0x0000000008000fb4                HAL_TIM_Base_MspInit
 .text.Reset_Handler
                0x0000000008001018       0x50 ./Core/Startup/startup_stm32f767zitx.o
                0x0000000008001018                Reset_Handler
 .text.Default_Handler
                0x0000000008001068        0x2 ./Core/Startup/startup_stm32f767zitx.o
                0x0000000008001068                RTC_Alarm_IRQHandler
                0x0000000008001068                EXTI2_IRQHandler
                0x0000000008001068                TIM8_CC_IRQHandler
                0x0000000008001068                UART8_IRQHandler
                0x0000000008001068                SPI4_IRQHandler
                0x0000000008001068                TIM1_CC_IRQHandler
                0x0000000008001068                DMA2_Stream5_IRQHandler
                0x0000000008001068                JPEG_IRQHandler
                0x0000000008001068                DMA1_Stream5_IRQHandler
                0x0000000008001068                CAN3_RX1_IRQHandler
                0x0000000008001068                PVD_IRQHandler
                0x0000000008001068                TAMP_STAMP_IRQHandler
                0x0000000008001068                CAN2_RX1_IRQHandler
                0x0000000008001068                EXTI3_IRQHandler
                0x0000000008001068                TIM8_TRG_COM_TIM14_IRQHandler
                0x0000000008001068                DFSDM1_FLT1_IRQHandler
                0x0000000008001068                TIM1_UP_TIM10_IRQHandler
                0x0000000008001068                TIM8_UP_TIM13_IRQHandler
                0x0000000008001068                I2C3_ER_IRQHandler
                0x0000000008001068                DFSDM1_FLT2_IRQHandler
                0x0000000008001068                EXTI0_IRQHandler
                0x0000000008001068                I2C2_EV_IRQHandler
                0x0000000008001068                DMA1_Stream2_IRQHandler
                0x0000000008001068                CAN1_RX0_IRQHandler
                0x0000000008001068                FPU_IRQHandler
                0x0000000008001068                OTG_HS_WKUP_IRQHandler
                0x0000000008001068                CAN3_SCE_IRQHandler
                0x0000000008001068                LTDC_ER_IRQHandler
                0x0000000008001068                CAN2_SCE_IRQHandler
                0x0000000008001068                DMA2_Stream2_IRQHandler
                0x0000000008001068                SPI1_IRQHandler
                0x0000000008001068                TIM6_DAC_IRQHandler
                0x0000000008001068                TIM1_BRK_TIM9_IRQHandler
                0x0000000008001068                DCMI_IRQHandler
                0x0000000008001068                CAN2_RX0_IRQHandler
                0x0000000008001068                DMA2_Stream3_IRQHandler
                0x0000000008001068                SAI2_IRQHandler
                0x0000000008001068                DFSDM1_FLT3_IRQHandler
                0x0000000008001068                USART6_IRQHandler
                0x0000000008001068                CAN3_RX0_IRQHandler
                0x0000000008001068                USART3_IRQHandler
                0x0000000008001068                CAN1_RX1_IRQHandler
                0x0000000008001068                UART5_IRQHandler
                0x0000000008001068                DMA2_Stream0_IRQHandler
                0x0000000008001068                TIM4_IRQHandler
                0x0000000008001068                QUADSPI_IRQHandler
                0x0000000008001068                I2C1_EV_IRQHandler
                0x0000000008001068                DMA1_Stream6_IRQHandler
                0x0000000008001068                DMA1_Stream1_IRQHandler
                0x0000000008001068                UART4_IRQHandler
                0x0000000008001068                TIM3_IRQHandler
                0x0000000008001068                RCC_IRQHandler
                0x0000000008001068                TIM8_BRK_TIM12_IRQHandler
                0x0000000008001068                Default_Handler
                0x0000000008001068                CEC_IRQHandler
                0x0000000008001068                EXTI15_10_IRQHandler
                0x0000000008001068                ADC_IRQHandler
                0x0000000008001068                DMA1_Stream7_IRQHandler
                0x0000000008001068                SPI5_IRQHandler
                0x0000000008001068                TIM7_IRQHandler
                0x0000000008001068                SDMMC1_IRQHandler
                0x0000000008001068                CAN2_TX_IRQHandler
                0x0000000008001068                TIM5_IRQHandler
                0x0000000008001068                DMA2_Stream7_IRQHandler
                0x0000000008001068                I2C3_EV_IRQHandler
                0x0000000008001068                EXTI9_5_IRQHandler
                0x0000000008001068                RTC_WKUP_IRQHandler
                0x0000000008001068                LTDC_IRQHandler
                0x0000000008001068                ETH_WKUP_IRQHandler
                0x0000000008001068                SPDIF_RX_IRQHandler
                0x0000000008001068                SPI2_IRQHandler
                0x0000000008001068                OTG_HS_EP1_IN_IRQHandler
                0x0000000008001068                DMA1_Stream0_IRQHandler
                0x0000000008001068                CAN1_TX_IRQHandler
                0x0000000008001068                EXTI4_IRQHandler
                0x0000000008001068                RNG_IRQHandler
                0x0000000008001068                ETH_IRQHandler
                0x0000000008001068                OTG_HS_EP1_OUT_IRQHandler
                0x0000000008001068                WWDG_IRQHandler
                0x0000000008001068                SPI6_IRQHandler
                0x0000000008001068                MDIOS_IRQHandler
                0x0000000008001068                I2C4_EV_IRQHandler
                0x0000000008001068                CAN3_TX_IRQHandler
                0x0000000008001068                TIM2_IRQHandler
                0x0000000008001068                OTG_FS_WKUP_IRQHandler
                0x0000000008001068                TIM1_TRG_COM_TIM11_IRQHandler
                0x0000000008001068                OTG_HS_IRQHandler
                0x0000000008001068                DMA2D_IRQHandler
                0x0000000008001068                EXTI1_IRQHandler
                0x0000000008001068                SDMMC2_IRQHandler
                0x0000000008001068                UART7_IRQHandler
                0x0000000008001068                USART2_IRQHandler
                0x0000000008001068                DFSDM1_FLT0_IRQHandler
                0x0000000008001068                I2C2_ER_IRQHandler
                0x0000000008001068                DMA2_Stream1_IRQHandler
                0x0000000008001068                CAN1_SCE_IRQHandler
                0x0000000008001068                FLASH_IRQHandler
                0x0000000008001068                DMA2_Stream4_IRQHandler
                0x0000000008001068                USART1_IRQHandler
                0x0000000008001068                OTG_FS_IRQHandler
                0x0000000008001068                SPI3_IRQHandler
                0x0000000008001068                DMA1_Stream4_IRQHandler
                0x0000000008001068                I2C1_ER_IRQHandler
                0x0000000008001068                FMC_IRQHandler
                0x0000000008001068                LPTIM1_IRQHandler
                0x0000000008001068                I2C4_ER_IRQHandler
                0x0000000008001068                DMA2_Stream6_IRQHandler
                0x0000000008001068                SAI1_IRQHandler
                0x0000000008001068                DMA1_Stream3_IRQHandler
 .text.HAL_Init
                0x000000000800106a       0x1a ./Drivers/STM32F7xx_HAL_Driver/Src/stm32f7xx_hal.o
                0x000000000800106a                HAL_Init
 .text.HAL_InitTick
                0x0000000008001084       0x60 ./Drivers/STM32F7xx_HAL_Driver/Src/stm32f7xx_hal.o
                0x0000000008001084                HAL_InitTick
 .text.HAL_IncTick
                0x00000000080010e4       0x28 ./Drivers/STM32F7xx_HAL_Driver/Src/stm32f7xx_hal.o
                0x00000000080010e4                HAL_IncTick
 .text.HAL_GetTick
                0x000000000800110c       0x18 ./Drivers/STM32F7xx_HAL_Driver/Src/stm32f7xx_hal.o
                0x000000000800110c                HAL_GetTick
 .text.HAL_Delay
                0x0000000008001124       0x48 ./Drivers/STM32F7xx_HAL_Driver/Src/stm32f7xx_hal.o
                0x0000000008001124                HAL_Delay
 .text.HAL_ADC_Init
                0x000000000800116c       0x88 ./Drivers/STM32F7xx_HAL_Driver/Src/stm32f7xx_hal_adc.o
                0x000000000800116c                HAL_ADC_Init
 .text.HAL_ADC_Start
                0x00000000080011f4      0x19c ./Drivers/STM32F7xx_HAL_Driver/Src/stm32f7xx_hal_adc.o
                0x00000000080011f4                HAL_ADC_Start
 .text.HAL_ADC_PollForConversion
                0x0000000008001390      0x116 ./Drivers/STM32F7xx_HAL_Driver/Src/stm32f7xx_hal_adc.o
                0x0000000008001390                HAL_ADC_PollForConversion
 .text.HAL_ADC_GetValue
                0x00000000080014a6       0x1a ./Drivers/STM32F7xx_HAL_Driver/Src/stm32f7xx_hal_adc.o
                0x00000000080014a6                HAL_ADC_GetValue
 .text.HAL_ADC_ConfigChannel
                0x00000000080014c0      0x2ac ./Drivers/STM32F7xx_HAL_Driver/Src/stm32f7xx_hal_adc.o
                0x00000000080014c0                HAL_ADC_ConfigChannel
 .text.ADC_Init
                0x000000000800176c      0x1f4 ./Drivers/STM32F7xx_HAL_Driver/Src/stm32f7xx_hal_adc.o
 .text.__NVIC_SetPriorityGrouping
                0x0000000008001960       0x48 ./Drivers/STM32F7xx_HAL_Driver/Src/stm32f7xx_hal_cortex.o
 .text.__NVIC_GetPriorityGrouping
                0x00000000080019a8       0x1c ./Drivers/STM32F7xx_HAL_Driver/Src/stm32f7xx_hal_cortex.o
 .text.__NVIC_SetPriority
                0x00000000080019c4       0x54 ./Drivers/STM32F7xx_HAL_Driver/Src/stm32f7xx_hal_cortex.o
 .text.NVIC_EncodePriority
                0x0000000008001a18       0x66 ./Drivers/STM32F7xx_HAL_Driver/Src/stm32f7xx_hal_cortex.o
 *fill*         0x0000000008001a7e        0x2 
 .text.SysTick_Config
                0x0000000008001a80       0x44 ./Drivers/STM32F7xx_HAL_Driver/Src/stm32f7xx_hal_cortex.o
 .text.HAL_NVIC_SetPriorityGrouping
                0x0000000008001ac4       0x16 ./Drivers/STM32F7xx_HAL_Driver/Src/stm32f7xx_hal_cortex.o
                0x0000000008001ac4                HAL_NVIC_SetPriorityGrouping
 .text.HAL_NVIC_SetPriority
                0x0000000008001ada       0x38 ./Drivers/STM32F7xx_HAL_Driver/Src/stm32f7xx_hal_cortex.o
                0x0000000008001ada                HAL_NVIC_SetPriority
 .text.HAL_SYSTICK_Config
                0x0000000008001b12       0x18 ./Drivers/STM32F7xx_HAL_Driver/Src/stm32f7xx_hal_cortex.o
                0x0000000008001b12                HAL_SYSTICK_Config
 *fill*         0x0000000008001b2a        0x2 
 .text.HAL_MPU_Disable
                0x0000000008001b2c       0x30 ./Drivers/STM32F7xx_HAL_Driver/Src/stm32f7xx_hal_cortex.o
                0x0000000008001b2c                HAL_MPU_Disable
 .text.HAL_MPU_Enable
                0x0000000008001b5c       0x40 ./Drivers/STM32F7xx_HAL_Driver/Src/stm32f7xx_hal_cortex.o
                0x0000000008001b5c                HAL_MPU_Enable
 .text.HAL_MPU_ConfigRegion
                0x0000000008001b9c       0x88 ./Drivers/STM32F7xx_HAL_Driver/Src/stm32f7xx_hal_cortex.o
                0x0000000008001b9c                HAL_MPU_ConfigRegion
 .text.HAL_GPIO_Init
                0x0000000008001c24      0x358 ./Drivers/STM32F7xx_HAL_Driver/Src/stm32f7xx_hal_gpio.o
                0x0000000008001c24                HAL_GPIO_Init
 .text.HAL_GPIO_WritePin
                0x0000000008001f7c       0x32 ./Drivers/STM32F7xx_HAL_Driver/Src/stm32f7xx_hal_gpio.o
                0x0000000008001f7c                HAL_GPIO_WritePin
 .text.HAL_GPIO_TogglePin
                0x0000000008001fae       0x34 ./Drivers/STM32F7xx_HAL_Driver/Src/stm32f7xx_hal_gpio.o
                0x0000000008001fae                HAL_GPIO_TogglePin
 *fill*         0x0000000008001fe2        0x2 
 .text.HAL_PWREx_EnableOverDrive
                0x0000000008001fe4       0xa0 ./Drivers/STM32F7xx_HAL_Driver/Src/stm32f7xx_hal_pwr_ex.o
                0x0000000008001fe4                HAL_PWREx_EnableOverDrive
 .text.HAL_RCC_OscConfig
                0x0000000008002084      0x55c ./Drivers/STM32F7xx_HAL_Driver/Src/stm32f7xx_hal_rcc.o
                0x0000000008002084                HAL_RCC_OscConfig
 .text.HAL_RCC_ClockConfig
                0x00000000080025e0      0x1d8 ./Drivers/STM32F7xx_HAL_Driver/Src/stm32f7xx_hal_rcc.o
                0x00000000080025e0                HAL_RCC_ClockConfig
 .text.HAL_RCC_GetSysClockFreq
                0x00000000080027b8      0x20c ./Drivers/STM32F7xx_HAL_Driver/Src/stm32f7xx_hal_rcc.o
                0x00000000080027b8                HAL_RCC_GetSysClockFreq
 .text.HAL_TIM_Base_Init
                0x00000000080029c4       0xae ./Drivers/STM32F7xx_HAL_Driver/Src/stm32f7xx_hal_tim.o
                0x00000000080029c4                HAL_TIM_Base_Init
 *fill*         0x0000000008002a72        0x2 
 .text.HAL_TIM_Base_Start
                0x0000000008002a74       0xe0 ./Drivers/STM32F7xx_HAL_Driver/Src/stm32f7xx_hal_tim.o
                0x0000000008002a74                HAL_TIM_Base_Start
 .text.HAL_TIM_ConfigClockSource
                0x0000000008002b54      0x194 ./Drivers/STM32F7xx_HAL_Driver/Src/stm32f7xx_hal_tim.o
                0x0000000008002b54                HAL_TIM_ConfigClockSource
 .text.TIM_Base_SetConfig
                0x0000000008002ce8      0x140 ./Drivers/STM32F7xx_HAL_Driver/Src/stm32f7xx_hal_tim.o
                0x0000000008002ce8                TIM_Base_SetConfig
 .text.TIM_TI1_ConfigInputStage
                0x0000000008002e28       0x5e ./Drivers/STM32F7xx_HAL_Driver/Src/stm32f7xx_hal_tim.o
 .text.TIM_TI2_ConfigInputStage
                0x0000000008002e86       0x60 ./Drivers/STM32F7xx_HAL_Driver/Src/stm32f7xx_hal_tim.o
 .text.TIM_ITRx_SetConfig
                0x0000000008002ee6       0x36 ./Drivers/STM32F7xx_HAL_Driver/Src/stm32f7xx_hal_tim.o
 .text.TIM_ETR_SetConfig
                0x0000000008002f1c       0x40 ./Drivers/STM32F7xx_HAL_Driver/Src/stm32f7xx_hal_tim.o
                0x0000000008002f1c                TIM_ETR_SetConfig
 .text.HAL_TIMEx_MasterConfigSynchronization
                0x0000000008002f5c      0x11c ./Drivers/STM32F7xx_HAL_Driver/Src/stm32f7xx_hal_tim_ex.o
                0x0000000008002f5c                HAL_TIMEx_MasterConfigSynchronization
 .text.__errno  0x0000000008003078        0xc d:/st/stm32cubeide_1.9.0/stm32cubeide/plugins/com.st.stm32cube.ide.mcu.externaltools.gnu-tools-for-stm32.10.3-2021.10.win32_1.0.200.202301161003/tools/bin/../lib/gcc/arm-none-eabi/10.3.1/../../../../arm-none-eabi/lib/thumb/v7e-m+dp/hard\libc_nano.a(lib_a-errno.o)
                0x0000000008003078                __errno
 .text.__libc_init_array
                0x0000000008003084       0x48 d:/st/stm32cubeide_1.9.0/stm32cubeide/plugins/com.st.stm32cube.ide.mcu.externaltools.gnu-tools-for-stm32.10.3-2021.10.win32_1.0.200.202301161003/tools/bin/../lib/gcc/arm-none-eabi/10.3.1/../../../../arm-none-eabi/lib/thumb/v7e-m+dp/hard\libc_nano.a(lib_a-init.o)
                0x0000000008003084                __libc_init_array
 .text.memset   0x00000000080030cc       0x10 d:/st/stm32cubeide_1.9.0/stm32cubeide/plugins/com.st.stm32cube.ide.mcu.externaltools.gnu-tools-for-stm32.10.3-2021.10.win32_1.0.200.202301161003/tools/bin/../lib/gcc/arm-none-eabi/10.3.1/../../../../arm-none-eabi/lib/thumb/v7e-m+dp/hard\libc_nano.a(lib_a-memset.o)
                0x00000000080030cc                memset
 *fill*         0x00000000080030dc        0x4 
 .text.log      0x00000000080030e0      0x1f0 d:/st/stm32cubeide_1.9.0/stm32cubeide/plugins/com.st.stm32cube.ide.mcu.externaltools.gnu-tools-for-stm32.10.3-2021.10.win32_1.0.200.202301161003/tools/bin/../lib/gcc/arm-none-eabi/10.3.1/../../../../arm-none-eabi/lib/thumb/v7e-m+dp/hard\libm.a(lib_a-log.o)
                0x00000000080030e0                log
 .text.with_errno
                0x00000000080032d0       0x16 d:/st/stm32cubeide_1.9.0/stm32cubeide/plugins/com.st.stm32cube.ide.mcu.externaltools.gnu-tools-for-stm32.10.3-2021.10.win32_1.0.200.202301161003/tools/bin/../lib/gcc/arm-none-eabi/10.3.1/../../../../arm-none-eabi/lib/thumb/v7e-m+dp/hard\libm.a(lib_a-math_err.o)
 .text.xflow    0x00000000080032e6       0x22 d:/st/stm32cubeide_1.9.0/stm32cubeide/plugins/com.st.stm32cube.ide.mcu.externaltools.gnu-tools-for-stm32.10.3-2021.10.win32_1.0.200.202301161003/tools/bin/../lib/gcc/arm-none-eabi/10.3.1/../../../../arm-none-eabi/lib/thumb/v7e-m+dp/hard\libm.a(lib_a-math_err.o)
 .text.__math_uflow
                0x0000000008003308       0x10 d:/st/stm32cubeide_1.9.0/stm32cubeide/plugins/com.st.stm32cube.ide.mcu.externaltools.gnu-tools-for-stm32.10.3-2021.10.win32_1.0.200.202301161003/tools/bin/../lib/gcc/arm-none-eabi/10.3.1/../../../../arm-none-eabi/lib/thumb/v7e-m+dp/hard\libm.a(lib_a-math_err.o)
                0x0000000008003308                __math_uflow
 .text.__math_oflow
                0x0000000008003318       0x10 d:/st/stm32cubeide_1.9.0/stm32cubeide/plugins/com.st.stm32cube.ide.mcu.externaltools.gnu-tools-for-stm32.10.3-2021.10.win32_1.0.200.202301161003/tools/bin/../lib/gcc/arm-none-eabi/10.3.1/../../../../arm-none-eabi/lib/thumb/v7e-m+dp/hard\libm.a(lib_a-math_err.o)
                0x0000000008003318                __math_oflow
 .text.__math_divzero
                0x0000000008003328       0x30 d:/st/stm32cubeide_1.9.0/stm32cubeide/plugins/com.st.stm32cube.ide.mcu.externaltools.gnu-tools-for-stm32.10.3-2021.10.win32_1.0.200.202301161003/tools/bin/../lib/gcc/arm-none-eabi/10.3.1/../../../../arm-none-eabi/lib/thumb/v7e-m+dp/hard\libm.a(lib_a-math_err.o)
                0x0000000008003328                __math_divzero
 .text.__math_invalid
                0x0000000008003358       0x1e d:/st/stm32cubeide_1.9.0/stm32cubeide/plugins/com.st.stm32cube.ide.mcu.externaltools.gnu-tools-for-stm32.10.3-2021.10.win32_1.0.200.202301161003/tools/bin/../lib/gcc/arm-none-eabi/10.3.1/../../../../arm-none-eabi/lib/thumb/v7e-m+dp/hard\libm.a(lib_a-math_err.o)
                0x0000000008003358                __math_invalid
 .text.__math_check_uflow
                0x0000000008003376       0x12 d:/st/stm32cubeide_1.9.0/stm32cubeide/plugins/com.st.stm32cube.ide.mcu.externaltools.gnu-tools-for-stm32.10.3-2021.10.win32_1.0.200.202301161003/tools/bin/../lib/gcc/arm-none-eabi/10.3.1/../../../../arm-none-eabi/lib/thumb/v7e-m+dp/hard\libm.a(lib_a-math_err.o)
                0x0000000008003376                __math_check_uflow
 .text.__math_check_oflow
                0x0000000008003388       0x28 d:/st/stm32cubeide_1.9.0/stm32cubeide/plugins/com.st.stm32cube.ide.mcu.externaltools.gnu-tools-for-stm32.10.3-2021.10.win32_1.0.200.202301161003/tools/bin/../lib/gcc/arm-none-eabi/10.3.1/../../../../arm-none-eabi/lib/thumb/v7e-m+dp/hard\libm.a(lib_a-math_err.o)
                0x0000000008003388                __math_check_oflow
 .text.checkint
                0x00000000080033b0       0x68 d:/st/stm32cubeide_1.9.0/stm32cubeide/plugins/com.st.stm32cube.ide.mcu.externaltools.gnu-tools-for-stm32.10.3-2021.10.win32_1.0.200.202301161003/tools/bin/../lib/gcc/arm-none-eabi/10.3.1/../../../../arm-none-eabi/lib/thumb/v7e-m+dp/hard\libm.a(lib_a-pow.o)
 .text.pow      0x0000000008003418      0x4a4 d:/st/stm32cubeide_1.9.0/stm32cubeide/plugins/com.st.stm32cube.ide.mcu.externaltools.gnu-tools-for-stm32.10.3-2021.10.win32_1.0.200.202301161003/tools/bin/../lib/gcc/arm-none-eabi/10.3.1/../../../../arm-none-eabi/lib/thumb/v7e-m+dp/hard\libm.a(lib_a-pow.o)
                0x0000000008003418                pow
 *(.glue_7)
 .glue_7        0x00000000080038bc        0x0 linker stubs
 *(.glue_7t)
 .glue_7t       0x00000000080038bc        0x0 linker stubs
 *(.eh_frame)
 .eh_frame      0x00000000080038bc        0x0 d:/st/stm32cubeide_1.9.0/stm32cubeide/plugins/com.st.stm32cube.ide.mcu.externaltools.gnu-tools-for-stm32.10.3-2021.10.win32_1.0.200.202301161003/tools/bin/../lib/gcc/arm-none-eabi/10.3.1/thumb/v7e-m+dp/hard/crtbegin.o
 *(.init)
 .init          0x00000000080038bc        0x4 d:/st/stm32cubeide_1.9.0/stm32cubeide/plugins/com.st.stm32cube.ide.mcu.externaltools.gnu-tools-for-stm32.10.3-2021.10.win32_1.0.200.202301161003/tools/bin/../lib/gcc/arm-none-eabi/10.3.1/thumb/v7e-m+dp/hard/crti.o
                0x00000000080038bc                _init
 .init          0x00000000080038c0        0x8 d:/st/stm32cubeide_1.9.0/stm32cubeide/plugins/com.st.stm32cube.ide.mcu.externaltools.gnu-tools-for-stm32.10.3-2021.10.win32_1.0.200.202301161003/tools/bin/../lib/gcc/arm-none-eabi/10.3.1/thumb/v7e-m+dp/hard/crtn.o
 *(.fini)
 .fini          0x00000000080038c8        0x4 d:/st/stm32cubeide_1.9.0/stm32cubeide/plugins/com.st.stm32cube.ide.mcu.externaltools.gnu-tools-for-stm32.10.3-2021.10.win32_1.0.200.202301161003/tools/bin/../lib/gcc/arm-none-eabi/10.3.1/thumb/v7e-m+dp/hard/crti.o
                0x00000000080038c8                _fini
 .fini          0x00000000080038cc        0x8 d:/st/stm32cubeide_1.9.0/stm32cubeide/plugins/com.st.stm32cube.ide.mcu.externaltools.gnu-tools-for-stm32.10.3-2021.10.win32_1.0.200.202301161003/tools/bin/../lib/gcc/arm-none-eabi/10.3.1/thumb/v7e-m+dp/hard/crtn.o
                0x00000000080038d4                . = ALIGN (0x4)
                0x00000000080038d4                _etext = .

.vfp11_veneer   0x00000000080038d4        0x0
 .vfp11_veneer  0x00000000080038d4        0x0 linker stubs

.v4_bx          0x00000000080038d4        0x0
 .v4_bx         0x00000000080038d4        0x0 linker stubs

.iplt           0x00000000080038d4        0x0
 .iplt          0x00000000080038d4        0x0 d:/st/stm32cubeide_1.9.0/stm32cubeide/plugins/com.st.stm32cube.ide.mcu.externaltools.gnu-tools-for-stm32.10.3-2021.10.win32_1.0.200.202301161003/tools/bin/../lib/gcc/arm-none-eabi/10.3.1/thumb/v7e-m+dp/hard/crtbegin.o

.rodata         0x00000000080038d8     0x2170
                0x00000000080038d8                . = ALIGN (0x4)
 *(.rodata)
 .rodata        0x00000000080038d8       0x11 ./Core/Src/LCD_LIB.o
 *(.rodata*)
 *fill*         0x00000000080038e9        0x3 
 .rodata.AHBPrescTable
                0x00000000080038ec       0x10 ./Core/Src/system_stm32f7xx.o
                0x00000000080038ec                AHBPrescTable
 *fill*         0x00000000080038fc        0x4 
 .rodata.__log_data
                0x0000000008003900      0x890 d:/st/stm32cubeide_1.9.0/stm32cubeide/plugins/com.st.stm32cube.ide.mcu.externaltools.gnu-tools-for-stm32.10.3-2021.10.win32_1.0.200.202301161003/tools/bin/../lib/gcc/arm-none-eabi/10.3.1/../../../../arm-none-eabi/lib/thumb/v7e-m+dp/hard\libm.a(lib_a-log_data.o)
                0x0000000008003900                __log_data
 .rodata.__pow_log_data
                0x0000000008004190     0x1048 d:/st/stm32cubeide_1.9.0/stm32cubeide/plugins/com.st.stm32cube.ide.mcu.externaltools.gnu-tools-for-stm32.10.3-2021.10.win32_1.0.200.202301161003/tools/bin/../lib/gcc/arm-none-eabi/10.3.1/../../../../arm-none-eabi/lib/thumb/v7e-m+dp/hard\libm.a(lib_a-pow_log_data.o)
                0x0000000008004190                __pow_log_data
 .rodata.__exp_data
                0x00000000080051d8      0x870 d:/st/stm32cubeide_1.9.0/stm32cubeide/plugins/com.st.stm32cube.ide.mcu.externaltools.gnu-tools-for-stm32.10.3-2021.10.win32_1.0.200.202301161003/tools/bin/../lib/gcc/arm-none-eabi/10.3.1/../../../../arm-none-eabi/lib/thumb/v7e-m+dp/hard\libm.a(lib_a-exp_data.o)
                0x00000000080051d8                __exp_data
                0x0000000008005a48                . = ALIGN (0x4)

.ARM.extab      0x0000000008005a48        0x0
                0x0000000008005a48                . = ALIGN (0x4)
 *(.ARM.extab* .gnu.linkonce.armextab.*)
                0x0000000008005a48                . = ALIGN (0x4)

.ARM            0x0000000008005a48        0x8
                0x0000000008005a48                . = ALIGN (0x4)
                0x0000000008005a48                __exidx_start = .
 *(.ARM.exidx*)
 .ARM.exidx     0x0000000008005a48        0x8 d:/st/stm32cubeide_1.9.0/stm32cubeide/plugins/com.st.stm32cube.ide.mcu.externaltools.gnu-tools-for-stm32.10.3-2021.10.win32_1.0.200.202301161003/tools/bin/../lib/gcc/arm-none-eabi/10.3.1/thumb/v7e-m+dp/hard\libgcc.a(_udivmoddi4.o)
                0x0000000008005a50                __exidx_end = .
                0x0000000008005a50                . = ALIGN (0x4)

.rel.dyn        0x0000000008005a50        0x0
 .rel.iplt      0x0000000008005a50        0x0 d:/st/stm32cubeide_1.9.0/stm32cubeide/plugins/com.st.stm32cube.ide.mcu.externaltools.gnu-tools-for-stm32.10.3-2021.10.win32_1.0.200.202301161003/tools/bin/../lib/gcc/arm-none-eabi/10.3.1/thumb/v7e-m+dp/hard/crtbegin.o

.preinit_array  0x0000000008005a50        0x0
                0x0000000008005a50                . = ALIGN (0x4)
                0x0000000008005a50                PROVIDE (__preinit_array_start = .)
 *(.preinit_array*)
                0x0000000008005a50                PROVIDE (__preinit_array_end = .)
                0x0000000008005a50                . = ALIGN (0x4)

.init_array     0x0000000008005a50        0x4
                0x0000000008005a50                . = ALIGN (0x4)
                0x0000000008005a50                PROVIDE (__init_array_start = .)
 *(SORT_BY_NAME(.init_array.*))
 *(.init_array*)
 .init_array    0x0000000008005a50        0x4 d:/st/stm32cubeide_1.9.0/stm32cubeide/plugins/com.st.stm32cube.ide.mcu.externaltools.gnu-tools-for-stm32.10.3-2021.10.win32_1.0.200.202301161003/tools/bin/../lib/gcc/arm-none-eabi/10.3.1/thumb/v7e-m+dp/hard/crtbegin.o
                0x0000000008005a54                PROVIDE (__init_array_end = .)
                0x0000000008005a54                . = ALIGN (0x4)

.fini_array     0x0000000008005a54        0x4
                0x0000000008005a54                . = ALIGN (0x4)
                [!provide]                        PROVIDE (__fini_array_start = .)
 *(SORT_BY_NAME(.fini_array.*))
 *(.fini_array*)
 .fini_array    0x0000000008005a54        0x4 d:/st/stm32cubeide_1.9.0/stm32cubeide/plugins/com.st.stm32cube.ide.mcu.externaltools.gnu-tools-for-stm32.10.3-2021.10.win32_1.0.200.202301161003/tools/bin/../lib/gcc/arm-none-eabi/10.3.1/thumb/v7e-m+dp/hard/crtbegin.o
                [!provide]                        PROVIDE (__fini_array_end = .)
                0x0000000008005a58                . = ALIGN (0x4)
                0x0000000008005a58                _sidata = LOADADDR (.data)

.data           0x0000000020000000       0x80 load address 0x0000000008005a58
                0x0000000020000000                . = ALIGN (0x4)
                0x0000000020000000                _sdata = .
 *(.data)
 *(.data*)
 .data.H2Curve  0x0000000020000000        0xc ./Core/Src/main.o
                0x0000000020000000                H2Curve
 .data.Ro       0x000000002000000c        0x4 ./Core/Src/main.o
                0x000000002000000c                Ro
 .data.SystemCoreClock
                0x0000000020000010        0x4 ./Core/Src/system_stm32f7xx.o
                0x0000000020000010                SystemCoreClock
 .data.uwTickPrio
                0x0000000020000014        0x4 ./Drivers/STM32F7xx_HAL_Driver/Src/stm32f7xx_hal.o
                0x0000000020000014                uwTickPrio
 .data.uwTickFreq
                0x0000000020000018        0x1 ./Drivers/STM32F7xx_HAL_Driver/Src/stm32f7xx_hal.o
                0x0000000020000018                uwTickFreq
 *fill*         0x0000000020000019        0x3 
 .data._impure_ptr
                0x000000002000001c        0x4 d:/st/stm32cubeide_1.9.0/stm32cubeide/plugins/com.st.stm32cube.ide.mcu.externaltools.gnu-tools-for-stm32.10.3-2021.10.win32_1.0.200.202301161003/tools/bin/../lib/gcc/arm-none-eabi/10.3.1/../../../../arm-none-eabi/lib/thumb/v7e-m+dp/hard\libc_nano.a(lib_a-impure.o)
                0x000000002000001c                _impure_ptr
 .data.impure_data
                0x0000000020000020       0x60 d:/st/stm32cubeide_1.9.0/stm32cubeide/plugins/com.st.stm32cube.ide.mcu.externaltools.gnu-tools-for-stm32.10.3-2021.10.win32_1.0.200.202301161003/tools/bin/../lib/gcc/arm-none-eabi/10.3.1/../../../../arm-none-eabi/lib/thumb/v7e-m+dp/hard\libc_nano.a(lib_a-impure.o)
 *(.RamFunc)
 *(.RamFunc*)
                0x0000000020000080                . = ALIGN (0x4)
                0x0000000020000080                _edata = .

.igot.plt       0x0000000020000080        0x0 load address 0x0000000008005ad8
 .igot.plt      0x0000000020000080        0x0 d:/st/stm32cubeide_1.9.0/stm32cubeide/plugins/com.st.stm32cube.ide.mcu.externaltools.gnu-tools-for-stm32.10.3-2021.10.win32_1.0.200.202301161003/tools/bin/../lib/gcc/arm-none-eabi/10.3.1/thumb/v7e-m+dp/hard/crtbegin.o
                0x0000000020000080                . = ALIGN (0x4)

.bss            0x0000000020000080      0x104 load address 0x0000000008005ad8
                0x0000000020000080                _sbss = .
                0x0000000020000080                __bss_start__ = _sbss
 *(.bss)
 .bss           0x0000000020000080       0x1c d:/st/stm32cubeide_1.9.0/stm32cubeide/plugins/com.st.stm32cube.ide.mcu.externaltools.gnu-tools-for-stm32.10.3-2021.10.win32_1.0.200.202301161003/tools/bin/../lib/gcc/arm-none-eabi/10.3.1/thumb/v7e-m+dp/hard/crtbegin.o
 *(.bss*)
 .bss.hadc1     0x000000002000009c       0x48 ./Core/Src/adc.o
                0x000000002000009c                hadc1
 .bss.ppm       0x00000000200000e4        0x4 ./Core/Src/main.o
                0x00000000200000e4                ppm
 .bss.htim1     0x00000000200000e8       0x4c ./Core/Src/tim.o
                0x00000000200000e8                htim1
 .bss.htim2     0x0000000020000134       0x4c ./Core/Src/tim.o
                0x0000000020000134                htim2
 .bss.uwTick    0x0000000020000180        0x4 ./Drivers/STM32F7xx_HAL_Driver/Src/stm32f7xx_hal.o
                0x0000000020000180                uwTick
 *(COMMON)
                0x0000000020000184                . = ALIGN (0x4)
                0x0000000020000184                _ebss = .
                0x0000000020000184                __bss_end__ = _ebss

._user_heap_stack
                0x0000000020000184      0x604 load address 0x0000000008005ad8
                0x0000000020000188                . = ALIGN (0x8)
 *fill*         0x0000000020000184        0x4 
                [!provide]                        PROVIDE (end = .)
                0x0000000020000188                PROVIDE (_end = .)
                0x0000000020000388                . = (. + _Min_Heap_Size)
 *fill*         0x0000000020000188      0x200 
                0x0000000020000788                . = (. + _Min_Stack_Size)
 *fill*         0x0000000020000388      0x400 
                0x0000000020000788                . = ALIGN (0x8)

/DISCARD/
 libc.a(*)
 libm.a(*)
 libgcc.a(*)

.ARM.attributes
                0x0000000000000000       0x2e
 *(.ARM.attributes)
 .ARM.attributes
                0x0000000000000000       0x1e d:/st/stm32cubeide_1.9.0/stm32cubeide/plugins/com.st.stm32cube.ide.mcu.externaltools.gnu-tools-for-stm32.10.3-2021.10.win32_1.0.200.202301161003/tools/bin/../lib/gcc/arm-none-eabi/10.3.1/thumb/v7e-m+dp/hard/crti.o
 .ARM.attributes
                0x000000000000001e       0x32 d:/st/stm32cubeide_1.9.0/stm32cubeide/plugins/com.st.stm32cube.ide.mcu.externaltools.gnu-tools-for-stm32.10.3-2021.10.win32_1.0.200.202301161003/tools/bin/../lib/gcc/arm-none-eabi/10.3.1/thumb/v7e-m+dp/hard/crtbegin.o
 .ARM.attributes
                0x0000000000000050       0x32 ./Core/Src/LCD_LIB.o
 .ARM.attributes
                0x0000000000000082       0x32 ./Core/Src/adc.o
 .ARM.attributes
                0x00000000000000b4       0x32 ./Core/Src/gpio.o
 .ARM.attributes
                0x00000000000000e6       0x32 ./Core/Src/main.o
 .ARM.attributes
                0x0000000000000118       0x32 ./Core/Src/stm32f7xx_hal_msp.o
 .ARM.attributes
                0x000000000000014a       0x32 ./Core/Src/stm32f7xx_it.o
 .ARM.attributes
                0x000000000000017c       0x32 ./Core/Src/system_stm32f7xx.o
 .ARM.attributes
                0x00000000000001ae       0x32 ./Core/Src/tim.o
 .ARM.attributes
                0x00000000000001e0       0x21 ./Core/Startup/startup_stm32f767zitx.o
 .ARM.attributes
                0x0000000000000201       0x32 ./Drivers/STM32F7xx_HAL_Driver/Src/stm32f7xx_hal.o
 .ARM.attributes
                0x0000000000000233       0x32 ./Drivers/STM32F7xx_HAL_Driver/Src/stm32f7xx_hal_adc.o
 .ARM.attributes
                0x0000000000000265       0x32 ./Drivers/STM32F7xx_HAL_Driver/Src/stm32f7xx_hal_cortex.o
 .ARM.attributes
                0x0000000000000297       0x32 ./Drivers/STM32F7xx_HAL_Driver/Src/stm32f7xx_hal_gpio.o
 .ARM.attributes
                0x00000000000002c9       0x32 ./Drivers/STM32F7xx_HAL_Driver/Src/stm32f7xx_hal_pwr_ex.o
 .ARM.attributes
                0x00000000000002fb       0x32 ./Drivers/STM32F7xx_HAL_Driver/Src/stm32f7xx_hal_rcc.o
 .ARM.attributes
                0x000000000000032d       0x32 ./Drivers/STM32F7xx_HAL_Driver/Src/stm32f7xx_hal_tim.o
 .ARM.attributes
                0x000000000000035f       0x32 ./Drivers/STM32F7xx_HAL_Driver/Src/stm32f7xx_hal_tim_ex.o
 .ARM.attributes
                0x0000000000000391       0x32 d:/st/stm32cubeide_1.9.0/stm32cubeide/plugins/com.st.stm32cube.ide.mcu.externaltools.gnu-tools-for-stm32.10.3-2021.10.win32_1.0.200.202301161003/tools/bin/../lib/gcc/arm-none-eabi/10.3.1/../../../../arm-none-eabi/lib/thumb/v7e-m+dp/hard\libc_nano.a(lib_a-errno.o)
 .ARM.attributes
                0x00000000000003c3       0x32 d:/st/stm32cubeide_1.9.0/stm32cubeide/plugins/com.st.stm32cube.ide.mcu.externaltools.gnu-tools-for-stm32.10.3-2021.10.win32_1.0.200.202301161003/tools/bin/../lib/gcc/arm-none-eabi/10.3.1/../../../../arm-none-eabi/lib/thumb/v7e-m+dp/hard\libc_nano.a(lib_a-impure.o)
 .ARM.attributes
                0x00000000000003f5       0x32 d:/st/stm32cubeide_1.9.0/stm32cubeide/plugins/com.st.stm32cube.ide.mcu.externaltools.gnu-tools-for-stm32.10.3-2021.10.win32_1.0.200.202301161003/tools/bin/../lib/gcc/arm-none-eabi/10.3.1/../../../../arm-none-eabi/lib/thumb/v7e-m+dp/hard\libc_nano.a(lib_a-init.o)
 .ARM.attributes
                0x0000000000000427       0x32 d:/st/stm32cubeide_1.9.0/stm32cubeide/plugins/com.st.stm32cube.ide.mcu.externaltools.gnu-tools-for-stm32.10.3-2021.10.win32_1.0.200.202301161003/tools/bin/../lib/gcc/arm-none-eabi/10.3.1/../../../../arm-none-eabi/lib/thumb/v7e-m+dp/hard\libc_nano.a(lib_a-memset.o)
 .ARM.attributes
                0x0000000000000459       0x32 d:/st/stm32cubeide_1.9.0/stm32cubeide/plugins/com.st.stm32cube.ide.mcu.externaltools.gnu-tools-for-stm32.10.3-2021.10.win32_1.0.200.202301161003/tools/bin/../lib/gcc/arm-none-eabi/10.3.1/../../../../arm-none-eabi/lib/thumb/v7e-m+dp/hard\libm.a(lib_a-log.o)
 .ARM.attributes
                0x000000000000048b       0x32 d:/st/stm32cubeide_1.9.0/stm32cubeide/plugins/com.st.stm32cube.ide.mcu.externaltools.gnu-tools-for-stm32.10.3-2021.10.win32_1.0.200.202301161003/tools/bin/../lib/gcc/arm-none-eabi/10.3.1/../../../../arm-none-eabi/lib/thumb/v7e-m+dp/hard\libm.a(lib_a-log_data.o)
 .ARM.attributes
                0x00000000000004bd       0x32 d:/st/stm32cubeide_1.9.0/stm32cubeide/plugins/com.st.stm32cube.ide.mcu.externaltools.gnu-tools-for-stm32.10.3-2021.10.win32_1.0.200.202301161003/tools/bin/../lib/gcc/arm-none-eabi/10.3.1/../../../../arm-none-eabi/lib/thumb/v7e-m+dp/hard\libm.a(lib_a-math_err.o)
 .ARM.attributes
                0x00000000000004ef       0x32 d:/st/stm32cubeide_1.9.0/stm32cubeide/plugins/com.st.stm32cube.ide.mcu.externaltools.gnu-tools-for-stm32.10.3-2021.10.win32_1.0.200.202301161003/tools/bin/../lib/gcc/arm-none-eabi/10.3.1/../../../../arm-none-eabi/lib/thumb/v7e-m+dp/hard\libm.a(lib_a-pow.o)
 .ARM.attributes
                0x0000000000000521       0x32 d:/st/stm32cubeide_1.9.0/stm32cubeide/plugins/com.st.stm32cube.ide.mcu.externaltools.gnu-tools-for-stm32.10.3-2021.10.win32_1.0.200.202301161003/tools/bin/../lib/gcc/arm-none-eabi/10.3.1/../../../../arm-none-eabi/lib/thumb/v7e-m+dp/hard\libm.a(lib_a-pow_log_data.o)
 .ARM.attributes
                0x0000000000000553       0x32 d:/st/stm32cubeide_1.9.0/stm32cubeide/plugins/com.st.stm32cube.ide.mcu.externaltools.gnu-tools-for-stm32.10.3-2021.10.win32_1.0.200.202301161003/tools/bin/../lib/gcc/arm-none-eabi/10.3.1/../../../../arm-none-eabi/lib/thumb/v7e-m+dp/hard\libm.a(lib_a-exp_data.o)
 .ARM.attributes
                0x0000000000000585       0x1e d:/st/stm32cubeide_1.9.0/stm32cubeide/plugins/com.st.stm32cube.ide.mcu.externaltools.gnu-tools-for-stm32.10.3-2021.10.win32_1.0.200.202301161003/tools/bin/../lib/gcc/arm-none-eabi/10.3.1/thumb/v7e-m+dp/hard\libgcc.a(_aeabi_uldivmod.o)
 .ARM.attributes
                0x00000000000005a3       0x32 d:/st/stm32cubeide_1.9.0/stm32cubeide/plugins/com.st.stm32cube.ide.mcu.externaltools.gnu-tools-for-stm32.10.3-2021.10.win32_1.0.200.202301161003/tools/bin/../lib/gcc/arm-none-eabi/10.3.1/thumb/v7e-m+dp/hard\libgcc.a(_udivmoddi4.o)
 .ARM.attributes
                0x00000000000005d5       0x1e d:/st/stm32cubeide_1.9.0/stm32cubeide/plugins/com.st.stm32cube.ide.mcu.externaltools.gnu-tools-for-stm32.10.3-2021.10.win32_1.0.200.202301161003/tools/bin/../lib/gcc/arm-none-eabi/10.3.1/thumb/v7e-m+dp/hard\libgcc.a(_dvmd_tls.o)
 .ARM.attributes
                0x00000000000005f3       0x1e d:/st/stm32cubeide_1.9.0/stm32cubeide/plugins/com.st.stm32cube.ide.mcu.externaltools.gnu-tools-for-stm32.10.3-2021.10.win32_1.0.200.202301161003/tools/bin/../lib/gcc/arm-none-eabi/10.3.1/thumb/v7e-m+dp/hard/crtn.o
OUTPUT(MQ8_2x16LCD_STM32F767ZI.elf elf32-littlearm)
LOAD linker stubs
LOAD d:/st/stm32cubeide_1.9.0/stm32cubeide/plugins/com.st.stm32cube.ide.mcu.externaltools.gnu-tools-for-stm32.10.3-2021.10.win32_1.0.200.202301161003/tools/bin/../lib/gcc/arm-none-eabi/10.3.1/../../../../arm-none-eabi/lib/thumb/v7e-m+dp/hard\libc.a
LOAD d:/st/stm32cubeide_1.9.0/stm32cubeide/plugins/com.st.stm32cube.ide.mcu.externaltools.gnu-tools-for-stm32.10.3-2021.10.win32_1.0.200.202301161003/tools/bin/../lib/gcc/arm-none-eabi/10.3.1/../../../../arm-none-eabi/lib/thumb/v7e-m+dp/hard\libm.a
LOAD d:/st/stm32cubeide_1.9.0/stm32cubeide/plugins/com.st.stm32cube.ide.mcu.externaltools.gnu-tools-for-stm32.10.3-2021.10.win32_1.0.200.202301161003/tools/bin/../lib/gcc/arm-none-eabi/10.3.1/thumb/v7e-m+dp/hard\libgcc.a

.debug_info     0x0000000000000000     0xca69
 .debug_info    0x0000000000000000      0x9b0 ./Core/Src/LCD_LIB.o
 .debug_info    0x00000000000009b0      0xa53 ./Core/Src/adc.o
 .debug_info    0x0000000000001403      0x4b8 ./Core/Src/gpio.o
 .debug_info    0x00000000000018bb     0x13a3 ./Core/Src/main.o
 .debug_info    0x0000000000002c5e      0x2d2 ./Core/Src/stm32f7xx_hal_msp.o
 .debug_info    0x0000000000002f30      0x121 ./Core/Src/stm32f7xx_it.o
 .debug_info    0x0000000000003051      0x72c ./Core/Src/system_stm32f7xx.o
 .debug_info    0x000000000000377d      0xaf0 ./Core/Src/tim.o
 .debug_info    0x000000000000426d       0x22 ./Core/Startup/startup_stm32f767zitx.o
 .debug_info    0x000000000000428f      0xa82 ./Drivers/STM32F7xx_HAL_Driver/Src/stm32f7xx_hal.o
 .debug_info    0x0000000000004d11      0xd19 ./Drivers/STM32F7xx_HAL_Driver/Src/stm32f7xx_hal_adc.o
 .debug_info    0x0000000000005a2a     0x109c ./Drivers/STM32F7xx_HAL_Driver/Src/stm32f7xx_hal_cortex.o
 .debug_info    0x0000000000006ac6      0x7a2 ./Drivers/STM32F7xx_HAL_Driver/Src/stm32f7xx_hal_gpio.o
 .debug_info    0x0000000000007268      0x92e ./Drivers/STM32F7xx_HAL_Driver/Src/stm32f7xx_hal_pwr_ex.o
 .debug_info    0x0000000000007b96      0x9f8 ./Drivers/STM32F7xx_HAL_Driver/Src/stm32f7xx_hal_rcc.o
 .debug_info    0x000000000000858e     0x2d0a ./Drivers/STM32F7xx_HAL_Driver/Src/stm32f7xx_hal_tim.o
 .debug_info    0x000000000000b298     0x17d1 ./Drivers/STM32F7xx_HAL_Driver/Src/stm32f7xx_hal_tim_ex.o

.debug_abbrev   0x0000000000000000     0x1f6e
 .debug_abbrev  0x0000000000000000      0x207 ./Core/Src/LCD_LIB.o
 .debug_abbrev  0x0000000000000207      0x1e0 ./Core/Src/adc.o
 .debug_abbrev  0x00000000000003e7      0x146 ./Core/Src/gpio.o
 .debug_abbrev  0x000000000000052d      0x33f ./Core/Src/main.o
 .debug_abbrev  0x000000000000086c       0xd4 ./Core/Src/stm32f7xx_hal_msp.o
 .debug_abbrev  0x0000000000000940       0x74 ./Core/Src/stm32f7xx_it.o
 .debug_abbrev  0x00000000000009b4      0x136 ./Core/Src/system_stm32f7xx.o
 .debug_abbrev  0x0000000000000aea      0x1e9 ./Core/Src/tim.o
 .debug_abbrev  0x0000000000000cd3       0x12 ./Core/Startup/startup_stm32f767zitx.o
 .debug_abbrev  0x0000000000000ce5      0x20d ./Drivers/STM32F7xx_HAL_Driver/Src/stm32f7xx_hal.o
 .debug_abbrev  0x0000000000000ef2      0x244 ./Drivers/STM32F7xx_HAL_Driver/Src/stm32f7xx_hal_adc.o
 .debug_abbrev  0x0000000000001136      0x316 ./Drivers/STM32F7xx_HAL_Driver/Src/stm32f7xx_hal_cortex.o
 .debug_abbrev  0x000000000000144c      0x1c4 ./Drivers/STM32F7xx_HAL_Driver/Src/stm32f7xx_hal_gpio.o
 .debug_abbrev  0x0000000000001610      0x1cb ./Drivers/STM32F7xx_HAL_Driver/Src/stm32f7xx_hal_pwr_ex.o
 .debug_abbrev  0x00000000000017db      0x2d1 ./Drivers/STM32F7xx_HAL_Driver/Src/stm32f7xx_hal_rcc.o
 .debug_abbrev  0x0000000000001aac      0x25d ./Drivers/STM32F7xx_HAL_Driver/Src/stm32f7xx_hal_tim.o
 .debug_abbrev  0x0000000000001d09      0x265 ./Drivers/STM32F7xx_HAL_Driver/Src/stm32f7xx_hal_tim_ex.o

.debug_aranges  0x0000000000000000      0xbf8
 .debug_aranges
                0x0000000000000000       0x58 ./Core/Src/LCD_LIB.o
 .debug_aranges
                0x0000000000000058       0x30 ./Core/Src/adc.o
 .debug_aranges
                0x0000000000000088       0x20 ./Core/Src/gpio.o
 .debug_aranges
                0x00000000000000a8       0x78 ./Core/Src/main.o
 .debug_aranges
                0x0000000000000120       0x20 ./Core/Src/stm32f7xx_hal_msp.o
 .debug_aranges
                0x0000000000000140       0x60 ./Core/Src/stm32f7xx_it.o
 .debug_aranges
                0x00000000000001a0       0x28 ./Core/Src/system_stm32f7xx.o
 .debug_aranges
                0x00000000000001c8       0x38 ./Core/Src/tim.o
 .debug_aranges
                0x0000000000000200       0x28 ./Core/Startup/startup_stm32f767zitx.o
 .debug_aranges
                0x0000000000000228      0x110 ./Drivers/STM32F7xx_HAL_Driver/Src/stm32f7xx_hal.o
 .debug_aranges
                0x0000000000000338       0xe8 ./Drivers/STM32F7xx_HAL_Driver/Src/stm32f7xx_hal_adc.o
 .debug_aranges
                0x0000000000000420      0x118 ./Drivers/STM32F7xx_HAL_Driver/Src/stm32f7xx_hal_cortex.o
 .debug_aranges
                0x0000000000000538       0x58 ./Drivers/STM32F7xx_HAL_Driver/Src/stm32f7xx_hal_gpio.o
 .debug_aranges
                0x0000000000000590       0x80 ./Drivers/STM32F7xx_HAL_Driver/Src/stm32f7xx_hal_pwr_ex.o
 .debug_aranges
                0x0000000000000610       0x88 ./Drivers/STM32F7xx_HAL_Driver/Src/stm32f7xx_hal_rcc.o
 .debug_aranges
                0x0000000000000698      0x3e0 ./Drivers/STM32F7xx_HAL_Driver/Src/stm32f7xx_hal_tim.o
 .debug_aranges
                0x0000000000000a78      0x180 ./Drivers/STM32F7xx_HAL_Driver/Src/stm32f7xx_hal_tim_ex.o

.debug_ranges   0x0000000000000000      0xaf0
 .debug_ranges  0x0000000000000000       0x48 ./Core/Src/LCD_LIB.o
 .debug_ranges  0x0000000000000048       0x20 ./Core/Src/adc.o
 .debug_ranges  0x0000000000000068       0x10 ./Core/Src/gpio.o
 .debug_ranges  0x0000000000000078       0x68 ./Core/Src/main.o
 .debug_ranges  0x00000000000000e0       0x10 ./Core/Src/stm32f7xx_hal_msp.o
 .debug_ranges  0x00000000000000f0       0x50 ./Core/Src/stm32f7xx_it.o
 .debug_ranges  0x0000000000000140       0x18 ./Core/Src/system_stm32f7xx.o
 .debug_ranges  0x0000000000000158       0x28 ./Core/Src/tim.o
 .debug_ranges  0x0000000000000180       0x20 ./Core/Startup/startup_stm32f767zitx.o
 .debug_ranges  0x00000000000001a0      0x100 ./Drivers/STM32F7xx_HAL_Driver/Src/stm32f7xx_hal.o
 .debug_ranges  0x00000000000002a0       0xd8 ./Drivers/STM32F7xx_HAL_Driver/Src/stm32f7xx_hal_adc.o
 .debug_ranges  0x0000000000000378      0x108 ./Drivers/STM32F7xx_HAL_Driver/Src/stm32f7xx_hal_cortex.o
 .debug_ranges  0x0000000000000480       0x48 ./Drivers/STM32F7xx_HAL_Driver/Src/stm32f7xx_hal_gpio.o
 .debug_ranges  0x00000000000004c8       0x70 ./Drivers/STM32F7xx_HAL_Driver/Src/stm32f7xx_hal_pwr_ex.o
 .debug_ranges  0x0000000000000538       0x78 ./Drivers/STM32F7xx_HAL_Driver/Src/stm32f7xx_hal_rcc.o
 .debug_ranges  0x00000000000005b0      0x3d0 ./Drivers/STM32F7xx_HAL_Driver/Src/stm32f7xx_hal_tim.o
 .debug_ranges  0x0000000000000980      0x170 ./Drivers/STM32F7xx_HAL_Driver/Src/stm32f7xx_hal_tim_ex.o

.debug_macro    0x0000000000000000    0x27e43
 .debug_macro   0x0000000000000000      0x205 ./Core/Src/LCD_LIB.o
 .debug_macro   0x0000000000000205      0xa90 ./Core/Src/LCD_LIB.o
 .debug_macro   0x0000000000000c95      0x293 ./Core/Src/LCD_LIB.o
 .debug_macro   0x0000000000000f28       0x2e ./Core/Src/LCD_LIB.o
 .debug_macro   0x0000000000000f56       0x3b ./Core/Src/LCD_LIB.o
 .debug_macro   0x0000000000000f91       0x22 ./Core/Src/LCD_LIB.o
 .debug_macro   0x0000000000000fb3       0x8e ./Core/Src/LCD_LIB.o
 .debug_macro   0x0000000000001041       0x51 ./Core/Src/LCD_LIB.o
 .debug_macro   0x0000000000001092      0x103 ./Core/Src/LCD_LIB.o
 .debug_macro   0x0000000000001195       0x6a ./Core/Src/LCD_LIB.o
 .debug_macro   0x00000000000011ff      0x1df ./Core/Src/LCD_LIB.o
 .debug_macro   0x00000000000013de       0x1c ./Core/Src/LCD_LIB.o
 .debug_macro   0x00000000000013fa       0x22 ./Core/Src/LCD_LIB.o
 .debug_macro   0x000000000000141c       0xd9 ./Core/Src/LCD_LIB.o
 .debug_macro   0x00000000000014f5     0x12cd ./Core/Src/LCD_LIB.o
 .debug_macro   0x00000000000027c2      0x11f ./Core/Src/LCD_LIB.o
 .debug_macro   0x00000000000028e1       0x19 ./Core/Src/LCD_LIB.o
 .debug_macro   0x00000000000028fa    0x1a9dd ./Core/Src/LCD_LIB.o
 .debug_macro   0x000000000001d2d7       0x6d ./Core/Src/LCD_LIB.o
 .debug_macro   0x000000000001d344     0x3714 ./Core/Src/LCD_LIB.o
 .debug_macro   0x0000000000020a58      0x174 ./Core/Src/LCD_LIB.o
 .debug_macro   0x0000000000020bcc       0x63 ./Core/Src/LCD_LIB.o
 .debug_macro   0x0000000000020c2f     0x1add ./Core/Src/LCD_LIB.o
 .debug_macro   0x000000000002270c      0x6c4 ./Core/Src/LCD_LIB.o
 .debug_macro   0x0000000000022dd0      0x18b ./Core/Src/LCD_LIB.o
 .debug_macro   0x0000000000022f5b      0x115 ./Core/Src/LCD_LIB.o
 .debug_macro   0x0000000000023070      0x26e ./Core/Src/LCD_LIB.o
 .debug_macro   0x00000000000232de       0xa5 ./Core/Src/LCD_LIB.o
 .debug_macro   0x0000000000023383      0x24f ./Core/Src/LCD_LIB.o
 .debug_macro   0x00000000000235d2       0x71 ./Core/Src/LCD_LIB.o
 .debug_macro   0x0000000000023643       0x58 ./Core/Src/LCD_LIB.o
 .debug_macro   0x000000000002369b      0x236 ./Core/Src/LCD_LIB.o
 .debug_macro   0x00000000000238d1      0x416 ./Core/Src/LCD_LIB.o
 .debug_macro   0x0000000000023ce7      0x153 ./Core/Src/LCD_LIB.o
 .debug_macro   0x0000000000023e3a      0x107 ./Core/Src/LCD_LIB.o
 .debug_macro   0x0000000000023f41      0x14e ./Core/Src/LCD_LIB.o
 .debug_macro   0x000000000002408f      0x3db ./Core/Src/LCD_LIB.o
 .debug_macro   0x000000000002446a       0x12 ./Core/Src/LCD_LIB.o
 .debug_macro   0x000000000002447c      0x22c ./Core/Src/LCD_LIB.o
 .debug_macro   0x00000000000246a8       0x61 ./Core/Src/LCD_LIB.o
 .debug_macro   0x0000000000024709       0xa5 ./Core/Src/LCD_LIB.o
 .debug_macro   0x00000000000247ae      0x12e ./Core/Src/LCD_LIB.o
 .debug_macro   0x00000000000248dc      0x108 ./Core/Src/LCD_LIB.o
 .debug_macro   0x00000000000249e4       0x35 ./Core/Src/LCD_LIB.o
 .debug_macro   0x0000000000024a19      0xa6e ./Core/Src/LCD_LIB.o
 .debug_macro   0x0000000000025487       0xa9 ./Core/Src/LCD_LIB.o
 .debug_macro   0x0000000000025530      0x15b ./Core/Src/LCD_LIB.o
 .debug_macro   0x000000000002568b       0x6a ./Core/Src/LCD_LIB.o
 .debug_macro   0x00000000000256f5      0x201 ./Core/Src/adc.o
 .debug_macro   0x00000000000258f6       0x64 ./Core/Src/adc.o
 .debug_macro   0x000000000002595a      0x201 ./Core/Src/gpio.o
 .debug_macro   0x0000000000025b5b      0x2f8 ./Core/Src/main.o
 .debug_macro   0x0000000000025e53       0x52 ./Core/Src/main.o
 .debug_macro   0x0000000000025ea5       0x1d ./Core/Src/main.o
 .debug_macro   0x0000000000025ec2       0x3c ./Core/Src/main.o
 .debug_macro   0x0000000000025efe       0x34 ./Core/Src/main.o
 .debug_macro   0x0000000000025f32       0x16 ./Core/Src/main.o
 .debug_macro   0x0000000000025f48       0x43 ./Core/Src/main.o
 .debug_macro   0x0000000000025f8b       0x34 ./Core/Src/main.o
 .debug_macro   0x0000000000025fbf       0x10 ./Core/Src/main.o
 .debug_macro   0x0000000000025fcf       0x58 ./Core/Src/main.o
 .debug_macro   0x0000000000026027       0x71 ./Core/Src/main.o
 .debug_macro   0x0000000000026098       0x1c ./Core/Src/main.o
 .debug_macro   0x00000000000260b4      0x12a ./Core/Src/main.o
 .debug_macro   0x00000000000261de      0x341 ./Core/Src/main.o
 .debug_macro   0x000000000002651f      0x19b ./Core/Src/main.o
 .debug_macro   0x00000000000266ba      0x1f7 ./Core/Src/stm32f7xx_hal_msp.o
 .debug_macro   0x00000000000268b1      0x201 ./Core/Src/stm32f7xx_it.o
 .debug_macro   0x0000000000026ab2      0x1e8 ./Core/Src/system_stm32f7xx.o
 .debug_macro   0x0000000000026c9a      0x201 ./Core/Src/tim.o
 .debug_macro   0x0000000000026e9b      0x20c ./Drivers/STM32F7xx_HAL_Driver/Src/stm32f7xx_hal.o
 .debug_macro   0x00000000000270a7      0x1e9 ./Drivers/STM32F7xx_HAL_Driver/Src/stm32f7xx_hal_adc.o
 .debug_macro   0x0000000000027290      0x1e8 ./Drivers/STM32F7xx_HAL_Driver/Src/stm32f7xx_hal_cortex.o
 .debug_macro   0x0000000000027478      0x1ee ./Drivers/STM32F7xx_HAL_Driver/Src/stm32f7xx_hal_gpio.o
 .debug_macro   0x0000000000027666      0x200 ./Drivers/STM32F7xx_HAL_Driver/Src/stm32f7xx_hal_pwr_ex.o
 .debug_macro   0x0000000000027866      0x20c ./Drivers/STM32F7xx_HAL_Driver/Src/stm32f7xx_hal_rcc.o
 .debug_macro   0x0000000000027a72      0x1e9 ./Drivers/STM32F7xx_HAL_Driver/Src/stm32f7xx_hal_tim.o
 .debug_macro   0x0000000000027c5b      0x1e8 ./Drivers/STM32F7xx_HAL_Driver/Src/stm32f7xx_hal_tim_ex.o

.debug_line     0x0000000000000000     0xe3cc
 .debug_line    0x0000000000000000      0x820 ./Core/Src/LCD_LIB.o
 .debug_line    0x0000000000000820      0x768 ./Core/Src/adc.o
 .debug_line    0x0000000000000f88      0x707 ./Core/Src/gpio.o
 .debug_line    0x000000000000168f      0xb09 ./Core/Src/main.o
 .debug_line    0x0000000000002198      0x6e8 ./Core/Src/stm32f7xx_hal_msp.o
 .debug_line    0x0000000000002880      0x7ab ./Core/Src/stm32f7xx_it.o
 .debug_line    0x000000000000302b      0x768 ./Core/Src/system_stm32f7xx.o
 .debug_line    0x0000000000003793      0x7c8 ./Core/Src/tim.o
 .debug_line    0x0000000000003f5b       0x88 ./Core/Startup/startup_stm32f767zitx.o
 .debug_line    0x0000000000003fe3      0xa29 ./Drivers/STM32F7xx_HAL_Driver/Src/stm32f7xx_hal.o
 .debug_line    0x0000000000004a0c     0x1231 ./Drivers/STM32F7xx_HAL_Driver/Src/stm32f7xx_hal_adc.o
 .debug_line    0x0000000000005c3d      0xc7f ./Drivers/STM32F7xx_HAL_Driver/Src/stm32f7xx_hal_cortex.o
 .debug_line    0x00000000000068bc      0xb6d ./Drivers/STM32F7xx_HAL_Driver/Src/stm32f7xx_hal_gpio.o
 .debug_line    0x0000000000007429      0x96e ./Drivers/STM32F7xx_HAL_Driver/Src/stm32f7xx_hal_pwr_ex.o
 .debug_line    0x0000000000007d97      0xe6b ./Drivers/STM32F7xx_HAL_Driver/Src/stm32f7xx_hal_rcc.o
 .debug_line    0x0000000000008c02     0x3bf9 ./Drivers/STM32F7xx_HAL_Driver/Src/stm32f7xx_hal_tim.o
 .debug_line    0x000000000000c7fb     0x1bd1 ./Drivers/STM32F7xx_HAL_Driver/Src/stm32f7xx_hal_tim_ex.o

.debug_str      0x0000000000000000    0xfa741
 .debug_str     0x0000000000000000    0xf3d53 ./Core/Src/LCD_LIB.o
                                      0xf44d1 (size before relaxing)
 .debug_str     0x00000000000f3d53      0x383 ./Core/Src/adc.o
                                      0xf4486 (size before relaxing)
 .debug_str     0x00000000000f40d6       0x20 ./Core/Src/gpio.o
                                      0xf4014 (size before relaxing)
 .debug_str     0x00000000000f40f6     0x39b8 ./Core/Src/main.o
                                      0xf8165 (size before relaxing)
 .debug_str     0x00000000000f7aae       0x2c ./Core/Src/stm32f7xx_hal_msp.o
                                      0xf3f49 (size before relaxing)
 .debug_str     0x00000000000f7ada       0xc9 ./Core/Src/stm32f7xx_it.o
                                      0xf3eb2 (size before relaxing)
 .debug_str     0x00000000000f7ba3      0x1a4 ./Core/Src/system_stm32f7xx.o
                                      0xf3f9a (size before relaxing)
 .debug_str     0x00000000000f7d47      0x142 ./Core/Src/tim.o
                                      0xf4654 (size before relaxing)
 .debug_str     0x00000000000f7e89       0x36 ./Core/Startup/startup_stm32f767zitx.o
                                         0x67 (size before relaxing)
 .debug_str     0x00000000000f7ebf      0xa90 ./Drivers/STM32F7xx_HAL_Driver/Src/stm32f7xx_hal.o
                                      0xf49da (size before relaxing)
 .debug_str     0x00000000000f894f      0x291 ./Drivers/STM32F7xx_HAL_Driver/Src/stm32f7xx_hal_adc.o
                                      0xf4493 (size before relaxing)
 .debug_str     0x00000000000f8be0      0x298 ./Drivers/STM32F7xx_HAL_Driver/Src/stm32f7xx_hal_cortex.o
                                      0xf498a (size before relaxing)
 .debug_str     0x00000000000f8e78       0xf7 ./Drivers/STM32F7xx_HAL_Driver/Src/stm32f7xx_hal_gpio.o
                                      0xf4058 (size before relaxing)
 .debug_str     0x00000000000f8f6f      0x1d1 ./Drivers/STM32F7xx_HAL_Driver/Src/stm32f7xx_hal_pwr_ex.o
                                      0xf4209 (size before relaxing)
 .debug_str     0x00000000000f9140      0x260 ./Drivers/STM32F7xx_HAL_Driver/Src/stm32f7xx_hal_rcc.o
                                      0xf4315 (size before relaxing)
 .debug_str     0x00000000000f93a0      0xe27 ./Drivers/STM32F7xx_HAL_Driver/Src/stm32f7xx_hal_tim.o
                                      0xf52ad (size before relaxing)
 .debug_str     0x00000000000fa1c7      0x57a ./Drivers/STM32F7xx_HAL_Driver/Src/stm32f7xx_hal_tim_ex.o
                                      0xf4bc3 (size before relaxing)

.comment        0x0000000000000000       0x50
 .comment       0x0000000000000000       0x50 ./Core/Src/LCD_LIB.o
                                         0x51 (size before relaxing)
 .comment       0x0000000000000050       0x51 ./Core/Src/adc.o
 .comment       0x0000000000000050       0x51 ./Core/Src/gpio.o
 .comment       0x0000000000000050       0x51 ./Core/Src/main.o
 .comment       0x0000000000000050       0x51 ./Core/Src/stm32f7xx_hal_msp.o
 .comment       0x0000000000000050       0x51 ./Core/Src/stm32f7xx_it.o
 .comment       0x0000000000000050       0x51 ./Core/Src/system_stm32f7xx.o
 .comment       0x0000000000000050       0x51 ./Core/Src/tim.o
 .comment       0x0000000000000050       0x51 ./Drivers/STM32F7xx_HAL_Driver/Src/stm32f7xx_hal.o
 .comment       0x0000000000000050       0x51 ./Drivers/STM32F7xx_HAL_Driver/Src/stm32f7xx_hal_adc.o
 .comment       0x0000000000000050       0x51 ./Drivers/STM32F7xx_HAL_Driver/Src/stm32f7xx_hal_cortex.o
 .comment       0x0000000000000050       0x51 ./Drivers/STM32F7xx_HAL_Driver/Src/stm32f7xx_hal_gpio.o
 .comment       0x0000000000000050       0x51 ./Drivers/STM32F7xx_HAL_Driver/Src/stm32f7xx_hal_pwr_ex.o
 .comment       0x0000000000000050       0x51 ./Drivers/STM32F7xx_HAL_Driver/Src/stm32f7xx_hal_rcc.o
 .comment       0x0000000000000050       0x51 ./Drivers/STM32F7xx_HAL_Driver/Src/stm32f7xx_hal_tim.o
 .comment       0x0000000000000050       0x51 ./Drivers/STM32F7xx_HAL_Driver/Src/stm32f7xx_hal_tim_ex.o

.debug_frame    0x0000000000000000     0x3394
 .debug_frame   0x0000000000000000      0x120 ./Core/Src/LCD_LIB.o
 .debug_frame   0x0000000000000120       0x7c ./Core/Src/adc.o
 .debug_frame   0x000000000000019c       0x34 ./Core/Src/gpio.o
 .debug_frame   0x00000000000001d0      0x1b4 ./Core/Src/main.o
 .debug_frame   0x0000000000000384       0x38 ./Core/Src/stm32f7xx_hal_msp.o
 .debug_frame   0x00000000000003bc      0x104 ./Core/Src/stm32f7xx_it.o
 .debug_frame   0x00000000000004c0       0x58 ./Core/Src/system_stm32f7xx.o
 .debug_frame   0x0000000000000518       0xa8 ./Core/Src/tim.o
 .debug_frame   0x00000000000005c0      0x3f4 ./Drivers/STM32F7xx_HAL_Driver/Src/stm32f7xx_hal.o
 .debug_frame   0x00000000000009b4      0x3fc ./Drivers/STM32F7xx_HAL_Driver/Src/stm32f7xx_hal_adc.o
 .debug_frame   0x0000000000000db0      0x498 ./Drivers/STM32F7xx_HAL_Driver/Src/stm32f7xx_hal_cortex.o
 .debug_frame   0x0000000000001248      0x14c ./Drivers/STM32F7xx_HAL_Driver/Src/stm32f7xx_hal_gpio.o
 .debug_frame   0x0000000000001394      0x1c8 ./Drivers/STM32F7xx_HAL_Driver/Src/stm32f7xx_hal_pwr_ex.o
 .debug_frame   0x000000000000155c      0x1f8 ./Drivers/STM32F7xx_HAL_Driver/Src/stm32f7xx_hal_rcc.o
 .debug_frame   0x0000000000001754     0x121c ./Drivers/STM32F7xx_HAL_Driver/Src/stm32f7xx_hal_tim.o
 .debug_frame   0x0000000000002970      0x6b0 ./Drivers/STM32F7xx_HAL_Driver/Src/stm32f7xx_hal_tim_ex.o
 .debug_frame   0x0000000000003020       0x20 d:/st/stm32cubeide_1.9.0/stm32cubeide/plugins/com.st.stm32cube.ide.mcu.externaltools.gnu-tools-for-stm32.10.3-2021.10.win32_1.0.200.202301161003/tools/bin/../lib/gcc/arm-none-eabi/10.3.1/../../../../arm-none-eabi/lib/thumb/v7e-m+dp/hard\libc_nano.a(lib_a-errno.o)
 .debug_frame   0x0000000000003040       0x2c d:/st/stm32cubeide_1.9.0/stm32cubeide/plugins/com.st.stm32cube.ide.mcu.externaltools.gnu-tools-for-stm32.10.3-2021.10.win32_1.0.200.202301161003/tools/bin/../lib/gcc/arm-none-eabi/10.3.1/../../../../arm-none-eabi/lib/thumb/v7e-m+dp/hard\libc_nano.a(lib_a-init.o)
 .debug_frame   0x000000000000306c       0x20 d:/st/stm32cubeide_1.9.0/stm32cubeide/plugins/com.st.stm32cube.ide.mcu.externaltools.gnu-tools-for-stm32.10.3-2021.10.win32_1.0.200.202301161003/tools/bin/../lib/gcc/arm-none-eabi/10.3.1/../../../../arm-none-eabi/lib/thumb/v7e-m+dp/hard\libc_nano.a(lib_a-memset.o)
 .debug_frame   0x000000000000308c       0x64 d:/st/stm32cubeide_1.9.0/stm32cubeide/plugins/com.st.stm32cube.ide.mcu.externaltools.gnu-tools-for-stm32.10.3-2021.10.win32_1.0.200.202301161003/tools/bin/../lib/gcc/arm-none-eabi/10.3.1/../../../../arm-none-eabi/lib/thumb/v7e-m+dp/hard\libm.a(lib_a-log.o)
 .debug_frame   0x00000000000030f0       0xc0 d:/st/stm32cubeide_1.9.0/stm32cubeide/plugins/com.st.stm32cube.ide.mcu.externaltools.gnu-tools-for-stm32.10.3-2021.10.win32_1.0.200.202301161003/tools/bin/../lib/gcc/arm-none-eabi/10.3.1/../../../../arm-none-eabi/lib/thumb/v7e-m+dp/hard\libm.a(lib_a-math_err.o)
 .debug_frame   0x00000000000031b0      0x184 d:/st/stm32cubeide_1.9.0/stm32cubeide/plugins/com.st.stm32cube.ide.mcu.externaltools.gnu-tools-for-stm32.10.3-2021.10.win32_1.0.200.202301161003/tools/bin/../lib/gcc/arm-none-eabi/10.3.1/../../../../arm-none-eabi/lib/thumb/v7e-m+dp/hard\libm.a(lib_a-pow.o)
 .debug_frame   0x0000000000003334       0x2c d:/st/stm32cubeide_1.9.0/stm32cubeide/plugins/com.st.stm32cube.ide.mcu.externaltools.gnu-tools-for-stm32.10.3-2021.10.win32_1.0.200.202301161003/tools/bin/../lib/gcc/arm-none-eabi/10.3.1/thumb/v7e-m+dp/hard\libgcc.a(_aeabi_uldivmod.o)
 .debug_frame   0x0000000000003360       0x34 d:/st/stm32cubeide_1.9.0/stm32cubeide/plugins/com.st.stm32cube.ide.mcu.externaltools.gnu-tools-for-stm32.10.3-2021.10.win32_1.0.200.202301161003/tools/bin/../lib/gcc/arm-none-eabi/10.3.1/thumb/v7e-m+dp/hard\libgcc.a(_udivmoddi4.o)
